// Jest Snapshot v1, https://goo.gl/fbAQLP

exports[`The component renders with internal defaults Basic snapshot with defaults 1`] = `
<div>
   
  <button
    aria-expanded="false"
    aria-haspopup="listbox"
    aria-label="London is currently selected. Change timezone"
    class="svelte-1mifefb"
    data-toggle="true"
    type="button"
  >
    <span
      class="svelte-1mifefb"
    >
      London
       
      <small
        class="svelte-1mifefb"
      >
        GMT 
        +00:00
      </small>
    </span>
     
    <svg
      class="svelte-1mifefb"
      height="16"
      viewBox="0 0 16 16"
      width="10"
    >
      <polygon
        class="svelte-1mifefb"
        points="8, 8, 16, 16, 0, 16"
        transform="rotate(180, 8, 8) translate(0 -4)"
        x="0"
        y="0"
      />
    </svg>
  </button>
   
  
</div>
`;

exports[`The component renders with internal defaults Basic snapshot with defaults 2`] = `
<div>
  <div
    class="overlay svelte-1mifefb"
  />
   
  <button
    aria-expanded="true"
    aria-haspopup="listbox"
    aria-label="London is currently selected. Change timezone"
    class="svelte-1mifefb"
    data-toggle="true"
    type="button"
  >
    <span
      class="svelte-1mifefb"
    >
      London
       
      <small
        class="svelte-1mifefb"
      >
        GMT 
        +00:00
      </small>
    </span>
     
    <svg
      class="svelte-1mifefb"
      height="16"
      viewBox="0 0 16 16"
      width="10"
    >
      <polygon
        class="svelte-1mifefb"
        points="8, 8, 16, 16, 0, 16"
        transform="rotate(0) translate(0 -4)"
        x="0"
        y="0"
      />
    </svg>
  </button>
   
  <div
    class="tz-dropdown svelte-1mifefb"
    style="animation: __svelte_276924520_0 400ms linear 0ms 1 both;"
  >
    <span
      class="sr-only svelte-1mifefb"
      id="mock-test-id-9"
    >
      Select a timezone from the list. Start typing to filter or use the arrow
      keys to navigate the list
    </span>
     
    <div
      class="input-group svelte-1mifefb"
    >
      <input
        aria-autocomplete="list"
        aria-controls="mock-test-id-10"
        aria-labelledby="mock-test-id-9"
        autocomplete="off"
        autocorrect="off"
        autofocus=""
        class="svelte-1mifefb"
        id="mock-test-id-11"
        placeholder="Search..."
        type="search"
      />
       
    </div>
     
    <ul
      aria-activedescendant="tz-london"
      aria-labelledby="mock-test-id-9"
      class="tz-groups svelte-1mifefb"
      id="mock-test-id-10"
      role="listbox"
      tabindex="-1"
    >
      <li
        aria-hidden="true"
        class="svelte-1mifefb"
        role="option"
      >
        <p
          class="svelte-1mifefb"
        >
          Australia
        </p>
      </li>
       
      <li
        aria-label="Select Sydney"
        aria-selected="false"
        class="svelte-1mifefb"
        id="tz-australiasydney"
        role="option"
        tabindex="0"
      >
        Sydney
         
        <span
          class="svelte-1mifefb"
        >
          GMT 
          +10:00
        </span>
         
      </li>
      
      <li
        aria-label="Select Melbourne"
        aria-selected="false"
        class="svelte-1mifefb"
        id="tz-australiamelbourne"
        role="option"
        tabindex="0"
      >
        Melbourne
         
        <span
          class="svelte-1mifefb"
        >
          GMT 
          +10:00
        </span>
         
      </li>
      
      
      
      <li
        aria-hidden="true"
        class="svelte-1mifefb"
        role="option"
      >
        <p
          class="svelte-1mifefb"
        >
          Europe
        </p>
      </li>
       
      <li
        aria-label="Select Berlin"
        aria-selected="false"
        class="svelte-1mifefb"
        id="tz-europeberlin"
        role="option"
        tabindex="0"
      >
        Berlin
         
        <span
          class="svelte-1mifefb"
        >
          GMT 
          +01:00
        </span>
         
      </li>
      
      <li
        aria-label="Select Dublin"
        aria-selected="false"
        class="svelte-1mifefb"
        id="tz-europedublin"
        role="option"
        tabindex="0"
      >
        Dublin
         
        <span
          class="svelte-1mifefb"
        >
          GMT 
          +00:00
        </span>
         
      </li>
      
      <li
        aria-label="Select London"
        aria-selected="false"
        class="svelte-1mifefb"
        id="tz-europelondon"
        role="option"
        tabindex="0"
      >
        London
         
        <span
          class="svelte-1mifefb"
        >
          GMT 
          +00:00
        </span>
         
      </li>
      
      <li
        aria-label="Select Lisbon"
        aria-selected="false"
        class="svelte-1mifefb"
        id="tz-europelisbon"
        role="option"
        tabindex="0"
      >
        Lisbon
         
        <span
          class="svelte-1mifefb"
        >
          GMT 
          +00:00
        </span>
         
      </li>
      
      
      
      <li
        aria-hidden="true"
        class="svelte-1mifefb"
        role="option"
      >
        <p
          class="svelte-1mifefb"
        >
          Other
        </p>
      </li>
       
      <li
        aria-label="Select UTC"
        aria-selected="false"
        class="svelte-1mifefb"
        id="tz-utc"
        role="option"
        tabindex="0"
      >
        UTC
         
        <span
          class="svelte-1mifefb"
        >
          GMT 
          +00:00
        </span>
         
      </li>
      
      
      
    </ul>
  </div>
  
</div>
`;
